{
  "version": "1.5.0",
  "plugins_used": [
    {
      "name": "ArtifactoryDetector"
    },
    {
      "name": "AWSKeyDetector"
    },
    {
      "name": "AzureStorageKeyDetector"
    },
    {
      "name": "Base64HighEntropyString",
      "limit": 4.5
    },
    {
      "name": "BasicAuthDetector"
    },
    {
      "name": "CloudantDetector"
    },
    {
      "name": "DiscordBotTokenDetector"
    },
    {
      "name": "GitHubTokenDetector"
    },
    {
      "name": "GitLabTokenDetector"
    },
    {
      "name": "HexHighEntropyString",
      "limit": 3.0
    },
    {
      "name": "IbmCloudIamDetector"
    },
    {
      "name": "IbmCosHmacDetector"
    },
    {
      "name": "IPPublicDetector"
    },
    {
      "name": "JwtTokenDetector"
    },
    {
      "name": "KeywordDetector",
      "keyword_exclude": ""
    },
    {
      "name": "MailchimpDetector"
    },
    {
      "name": "NpmDetector"
    },
    {
      "name": "OpenAIDetector"
    },
    {
      "name": "PrivateKeyDetector"
    },
    {
      "name": "PypiTokenDetector"
    },
    {
      "name": "SendGridDetector"
    },
    {
      "name": "SlackDetector"
    },
    {
      "name": "SoftlayerDetector"
    },
    {
      "name": "SquareOAuthDetector"
    },
    {
      "name": "StripeDetector"
    },
    {
      "name": "TelegramBotTokenDetector"
    },
    {
      "name": "TwilioKeyDetector"
    }
  ],
  "filters_used": [
    {
      "path": "detect_secrets.filters.allowlist.is_line_allowlisted"
    },
    {
      "path": "detect_secrets.filters.common.is_baseline_file",
      "filename": ".secrets.baseline"
    },
    {
      "path": "detect_secrets.filters.common.is_ignored_due_to_verification_policies",
      "min_level": 2
    },
    {
      "path": "detect_secrets.filters.heuristic.is_indirect_reference"
    },
    {
      "path": "detect_secrets.filters.heuristic.is_likely_id_string"
    },
    {
      "path": "detect_secrets.filters.heuristic.is_lock_file"
    },
    {
      "path": "detect_secrets.filters.heuristic.is_not_alphanumeric_string"
    },
    {
      "path": "detect_secrets.filters.heuristic.is_potential_uuid"
    },
    {
      "path": "detect_secrets.filters.heuristic.is_prefixed_with_dollar_sign"
    },
    {
      "path": "detect_secrets.filters.heuristic.is_sequential_string"
    },
    {
      "path": "detect_secrets.filters.heuristic.is_swagger_file"
    },
    {
      "path": "detect_secrets.filters.heuristic.is_templated_secret"
    },
    {
      "path": "detect_secrets.filters.regex.should_exclude_file",
      "pattern": [
        ".*\\.md$|examples/.*|.*\\.pyc$|\\.git/.*"
      ]
    }
  ],
  "results": {
    "example_real_api.py": [
      {
        "type": "Secret Keyword",
        "filename": "example_real_api.py",
        "hashed_secret": "aecdccc1cf64595b34e0cc152d238daabb32183a",
        "is_verified": false,
        "line_number": 6
      }
    ],
    "flexiai/client.py": [
      {
        "type": "Secret Keyword",
        "filename": "flexiai/client.py",
        "hashed_secret": "ec3810e10fb78db55ce38b9c18d1c3eb1db739e0",
        "is_verified": false,
        "line_number": 53
      }
    ],
    "flexiai/config.py": [
      {
        "type": "Secret Keyword",
        "filename": "flexiai/config.py",
        "hashed_secret": "ec3810e10fb78db55ce38b9c18d1c3eb1db739e0",
        "is_verified": false,
        "line_number": 36
      }
    ],
    "flexiai/models.py": [
      {
        "type": "Secret Keyword",
        "filename": "flexiai/models.py",
        "hashed_secret": "ec3810e10fb78db55ce38b9c18d1c3eb1db739e0",
        "is_verified": false,
        "line_number": 217
      }
    ],
    "flexiai/providers/anthropic_provider.py": [
      {
        "type": "Secret Keyword",
        "filename": "flexiai/providers/anthropic_provider.py",
        "hashed_secret": "c7a8c334eef5d1749fface7d42c66f9ae5e8cf36",
        "is_verified": false,
        "line_number": 46
      }
    ],
    "flexiai/providers/vertexai_provider.py": [
      {
        "type": "Secret Keyword",
        "filename": "flexiai/providers/vertexai_provider.py",
        "hashed_secret": "908ac152e54bb4ec31cc1d7d5b186da7a42f9568",
        "is_verified": false,
        "line_number": 80
      }
    ],
    "flexiai/utils/logger.py": [
      {
        "type": "Secret Keyword",
        "filename": "flexiai/utils/logger.py",
        "hashed_secret": "59db85718c97565baccfdc97399b359640ad2eff",
        "is_verified": false,
        "line_number": 288
      }
    ],
    "flexiai/utils/validators.py": [
      {
        "type": "Secret Keyword",
        "filename": "flexiai/utils/validators.py",
        "hashed_secret": "ec3810e10fb78db55ce38b9c18d1c3eb1db739e0",
        "is_verified": false,
        "line_number": 474
      }
    ],
    "tests/integration/test_openai_integration.py": [
      {
        "type": "Secret Keyword",
        "filename": "tests/integration/test_openai_integration.py",
        "hashed_secret": "907c2524514225a71c842d3d8df91d46b754d829",
        "is_verified": false,
        "line_number": 150
      }
    ],
    "tests/integration/test_vertexai_integration.py": [
      {
        "type": "Secret Keyword",
        "filename": "tests/integration/test_vertexai_integration.py",
        "hashed_secret": "fd937efafec2a827b96c9456cdc9dd39736910d4",
        "is_verified": false,
        "line_number": 39
      },
      {
        "type": "Secret Keyword",
        "filename": "tests/integration/test_vertexai_integration.py",
        "hashed_secret": "908ac152e54bb4ec31cc1d7d5b186da7a42f9568",
        "is_verified": false,
        "line_number": 199
      }
    ],
    "tests/unit/test_anthropic_provider.py": [
      {
        "type": "Secret Keyword",
        "filename": "tests/unit/test_anthropic_provider.py",
        "hashed_secret": "0426e6708fa9152f5b03129f952ecb4fcdc7bc69",
        "is_verified": false,
        "line_number": 23
      },
      {
        "type": "Secret Keyword",
        "filename": "tests/unit/test_anthropic_provider.py",
        "hashed_secret": "45a5579f6e21c7819598845bd680902d28f51831",
        "is_verified": false,
        "line_number": 111
      },
      {
        "type": "Secret Keyword",
        "filename": "tests/unit/test_anthropic_provider.py",
        "hashed_secret": "d1c1445371e1041c5b23397fef07ce862b3e5539",
        "is_verified": false,
        "line_number": 130
      }
    ],
    "tests/unit/test_base_provider.py": [
      {
        "type": "Secret Keyword",
        "filename": "tests/unit/test_base_provider.py",
        "hashed_secret": "3acfb2c2b433c0ea7ff107e33df91b18e52f960f",
        "is_verified": false,
        "line_number": 364
      }
    ],
    "tests/unit/test_client.py": [
      {
        "type": "Secret Keyword",
        "filename": "tests/unit/test_client.py",
        "hashed_secret": "3acfb2c2b433c0ea7ff107e33df91b18e52f960f",
        "is_verified": false,
        "line_number": 80
      },
      {
        "type": "Secret Keyword",
        "filename": "tests/unit/test_client.py",
        "hashed_secret": "a62f2225bf70bfaccbc7f1ef2a397836717377de",
        "is_verified": false,
        "line_number": 136
      }
    ],
    "tests/unit/test_config.py": [
      {
        "type": "Secret Keyword",
        "filename": "tests/unit/test_config.py",
        "hashed_secret": "e9a5f12a8ecbb3eb46eca5096b5c52aa5e7c9fdd",
        "is_verified": false,
        "line_number": 34
      },
      {
        "type": "Secret Keyword",
        "filename": "tests/unit/test_config.py",
        "hashed_secret": "9ae45aec9a6465da5f5a684a8d5f63fb498a7e43",
        "is_verified": false,
        "line_number": 69
      },
      {
        "type": "Secret Keyword",
        "filename": "tests/unit/test_config.py",
        "hashed_secret": "601a933c2a9e29e3900cb37180d12a32fab301c5",
        "is_verified": false,
        "line_number": 75
      }
    ],
    "tests/unit/test_edge_cases.py": [
      {
        "type": "Secret Keyword",
        "filename": "tests/unit/test_edge_cases.py",
        "hashed_secret": "3acfb2c2b433c0ea7ff107e33df91b18e52f960f",
        "is_verified": false,
        "line_number": 178
      }
    ],
    "tests/unit/test_logger.py": [
      {
        "type": "Base64 High Entropy String",
        "filename": "tests/unit/test_logger.py",
        "hashed_secret": "48cbefb36880934b2caaf8c73c7d473fb57389d6",
        "is_verified": false,
        "line_number": 23
      },
      {
        "type": "Secret Keyword",
        "filename": "tests/unit/test_logger.py",
        "hashed_secret": "8ba2df0a057e06fb719ed6e209e6c45a65ca3a8f",
        "is_verified": false,
        "line_number": 39
      },
      {
        "type": "Base64 High Entropy String",
        "filename": "tests/unit/test_logger.py",
        "hashed_secret": "f27d5ec60771e3b717b2a5a921c6601feaa670f4",
        "is_verified": false,
        "line_number": 47
      },
      {
        "type": "Secret Keyword",
        "filename": "tests/unit/test_logger.py",
        "hashed_secret": "13951588fd3325e25ed1e3b116d7009fb221c85e",
        "is_verified": false,
        "line_number": 200
      },
      {
        "type": "Secret Keyword",
        "filename": "tests/unit/test_logger.py",
        "hashed_secret": "746e0fc0b76ced3932047a57b0e38a183c3b88ef",
        "is_verified": false,
        "line_number": 220
      },
      {
        "type": "Secret Keyword",
        "filename": "tests/unit/test_logger.py",
        "hashed_secret": "3b5418e186b50e337c3b5b0985fcfce6a2d99731",
        "is_verified": false,
        "line_number": 221
      }
    ],
    "tests/unit/test_models.py": [
      {
        "type": "Secret Keyword",
        "filename": "tests/unit/test_models.py",
        "hashed_secret": "1bdb819b553a3ebcdf42833ea0e5c05b8dac455c",
        "is_verified": false,
        "line_number": 177
      },
      {
        "type": "Secret Keyword",
        "filename": "tests/unit/test_models.py",
        "hashed_secret": "3acfb2c2b433c0ea7ff107e33df91b18e52f960f",
        "is_verified": false,
        "line_number": 315
      },
      {
        "type": "Secret Keyword",
        "filename": "tests/unit/test_models.py",
        "hashed_secret": "1bb813df1091a2d12a19fbdb827478e0d97c5173",
        "is_verified": false,
        "line_number": 357
      }
    ],
    "tests/unit/test_openai_provider.py": [
      {
        "type": "Secret Keyword",
        "filename": "tests/unit/test_openai_provider.py",
        "hashed_secret": "5b50da996fe2a123adcc4199a9fd8a7df7e33e81",
        "is_verified": false,
        "line_number": 27
      },
      {
        "type": "Secret Keyword",
        "filename": "tests/unit/test_openai_provider.py",
        "hashed_secret": "81f344a7686a80b4c5293e8fdc0b0160c82c06a8",
        "is_verified": false,
        "line_number": 313
      }
    ],
    "tests/unit/test_provider_registry.py": [
      {
        "type": "Secret Keyword",
        "filename": "tests/unit/test_provider_registry.py",
        "hashed_secret": "3acfb2c2b433c0ea7ff107e33df91b18e52f960f",
        "is_verified": false,
        "line_number": 53
      },
      {
        "type": "Secret Keyword",
        "filename": "tests/unit/test_provider_registry.py",
        "hashed_secret": "a62f2225bf70bfaccbc7f1ef2a397836717377de",
        "is_verified": false,
        "line_number": 86
      }
    ],
    "tests/unit/test_validators.py": [
      {
        "type": "Base64 High Entropy String",
        "filename": "tests/unit/test_validators.py",
        "hashed_secret": "48cbefb36880934b2caaf8c73c7d473fb57389d6",
        "is_verified": false,
        "line_number": 24
      },
      {
        "type": "Base64 High Entropy String",
        "filename": "tests/unit/test_validators.py",
        "hashed_secret": "199d746573171596011c6fb943a739216ff92366",
        "is_verified": false,
        "line_number": 28
      },
      {
        "type": "Secret Keyword",
        "filename": "tests/unit/test_validators.py",
        "hashed_secret": "48cbefb36880934b2caaf8c73c7d473fb57389d6",
        "is_verified": false,
        "line_number": 262
      },
      {
        "type": "Secret Keyword",
        "filename": "tests/unit/test_validators.py",
        "hashed_secret": "81f344a7686a80b4c5293e8fdc0b0160c82c06a8",
        "is_verified": false,
        "line_number": 280
      }
    ],
    "tests/unit/test_vertexai_provider.py": [
      {
        "type": "Secret Keyword",
        "filename": "tests/unit/test_vertexai_provider.py",
        "hashed_secret": "fd937efafec2a827b96c9456cdc9dd39736910d4",
        "is_verified": false,
        "line_number": 23
      },
      {
        "type": "Secret Keyword",
        "filename": "tests/unit/test_vertexai_provider.py",
        "hashed_secret": "908ac152e54bb4ec31cc1d7d5b186da7a42f9568",
        "is_verified": false,
        "line_number": 76
      }
    ]
  },
  "generated_at": "2025-10-26T11:19:13Z"
}
